interactions:
- request:
    body: '{}'
    headers:
      Accept:
      - application/json
      Accept-Encoding:
      - gzip, deflate
      Connection:
      - keep-alive
      Content-Length:
      - '2'
      Content-Type:
      - application/json
      User-Agent:
      - azsdk-python-communication-identity/1.1.0 Python/3.10.5 (Windows-10-10.0.19044-SP0)
      x-ms-date:
      - Thu, 07 Jul 2022 16:26:02 GMT
      x-ms-return-client-request-id:
      - 'true'
    method: POST
    uri: https://sanitized.ppe.communication.azure.net/identities?api-version=2022-06-01
  response:
    body:
      string: '{"identity":{"id":"sanitized"}}'
    headers:
      api-supported-versions:
      - 2020-07-20-preview2, 2021-02-22-preview1, 2021-03-07, 2021-10-31-preview,
        2021-11-01, 2022-06-01
      content-length:
      - '101'
      content-type:
      - application/json; charset=utf-8
      date:
      - Thu, 07 Jul 2022 16:26:02 GMT
      ms-cv:
      - X6yFAgLcu0idd5LT3CoEmA.0
      request-context:
      - appId=
      strict-transport-security:
      - max-age=2592000
      x-cache:
      - CONFIG_NOCACHE
      x-processing-time:
      - 36ms
    status:
      code: 201
      message: Created
- request:
    body: '{}'
    headers:
      Accept:
      - application/json
      Accept-Encoding:
      - gzip, deflate
      Connection:
      - keep-alive
      Content-Length:
      - '2'
      Content-Type:
      - application/json
      User-Agent:
      - azsdk-python-communication-identity/1.1.0 Python/3.10.5 (Windows-10-10.0.19044-SP0)
      x-ms-date:
      - Thu, 07 Jul 2022 16:26:02 GMT
      x-ms-return-client-request-id:
      - 'true'
    method: POST
    uri: https://sanitized.ppe.communication.azure.net/identities?api-version=2022-06-01
  response:
    body:
      string: '{"identity":{"id":"sanitized"}}'
    headers:
      api-supported-versions:
      - 2020-07-20-preview2, 2021-02-22-preview1, 2021-03-07, 2021-10-31-preview,
        2021-11-01, 2022-06-01
      content-length:
      - '101'
      content-type:
      - application/json; charset=utf-8
      date:
      - Thu, 07 Jul 2022 16:26:02 GMT
      ms-cv:
      - dcFILsTkB02p3dS3bKGG2A.0
      request-context:
      - appId=
      strict-transport-security:
      - max-age=2592000
      x-cache:
      - CONFIG_NOCACHE
      x-processing-time:
      - 28ms
    status:
      code: 201
      message: Created
- request:
    body: '{}'
    headers:
      Accept:
      - application/json
      Accept-Encoding:
      - gzip, deflate
      Connection:
      - keep-alive
      Content-Length:
      - '2'
      Content-Type:
      - application/json
      User-Agent:
      - azsdk-python-communication-identity/1.1.0 Python/3.10.5 (Windows-10-10.0.19044-SP0)
      x-ms-date:
      - Thu, 07 Jul 2022 16:26:03 GMT
      x-ms-return-client-request-id:
      - 'true'
    method: POST
    uri: https://sanitized.ppe.communication.azure.net/identities?api-version=2022-06-01
  response:
    body:
      string: '{"identity":{"id":"sanitized"}}'
    headers:
      api-supported-versions:
      - 2020-07-20-preview2, 2021-02-22-preview1, 2021-03-07, 2021-10-31-preview,
        2021-11-01, 2022-06-01
      content-length:
      - '101'
      content-type:
      - application/json; charset=utf-8
      date:
      - Thu, 07 Jul 2022 16:26:02 GMT
      ms-cv:
      - uG68mrJCw0WWCtiWImDXog.0
      request-context:
      - appId=
      strict-transport-security:
      - max-age=2592000
      x-cache:
      - CONFIG_NOCACHE
      x-processing-time:
      - 26ms
    status:
      code: 201
      message: Created
- request:
    body: '{"validFrom": "2023-02-07T12:26:03.162339Z"}'
    headers:
      Accept:
      - application/json
      Accept-Encoding:
      - gzip, deflate
      Connection:
      - keep-alive
      Content-Length:
      - '44'
      Content-Type:
      - application/json
      Repeatability-First-Sent:
      - '2022-07-07T16:26:03.162339Z'
      Repeatability-Request-ID:
      - 7e7c64e7-fe11-11ec-92b0-a864f132484d
      User-Agent:
      - azsdk-python-communication-rooms/1.1.0 Python/3.10.5 (Windows-10-10.0.19044-SP0)
      x-ms-date:
      - Thu, 07 Jul 2022 16:26:03 GMT
      x-ms-return-client-request-id:
      - 'true'
    method: POST
    uri: https://sanitized.ppe.communication.azure.net/rooms?api-version=2022-02-01
  response:
    body:
      string: '{"type":"https://tools.ietf.org/html/rfc7231#section-6.5.1","title":"One
        or more validation errors occurred.","status":400,"traceId":"00-dce31e38318b087034292eb097eebf10-f31934ac2ae22a55-00","errors":{"ValidFrom":["Value
        is incorrect or more than 180 days in the future"]}}'
    headers:
      content-type:
      - application/problem+json; charset=utf-8
      date:
      - Thu, 07 Jul 2022 16:26:02 GMT
      ms-cv:
      - cHpf0R/2nE+Xv4P1PoDUow.0
      transfer-encoding:
      - chunked
      x-cache:
      - CONFIG_NOCACHE
    status:
      code: 400
      message: Bad Request
- request:
    body: null
    headers:
      Accept:
      - application/json
      Accept-Encoding:
      - gzip, deflate
      Connection:
      - keep-alive
      Content-Length:
      - '0'
      User-Agent:
      - azsdk-python-communication-identity/1.1.0 Python/3.10.5 (Windows-10-10.0.19044-SP0)
      x-ms-date:
      - Thu, 07 Jul 2022 16:26:03 GMT
      x-ms-return-client-request-id:
      - 'true'
    method: DELETE
    uri: https://sanitized.ppe.communication.azure.net/identities/sanitized?api-version=2022-06-01
  response:
    body:
      string: ''
    headers:
      api-supported-versions:
      - 2020-07-20-preview2, 2021-02-22-preview1, 2021-03-07, 2021-10-31-preview,
        2021-11-01, 2022-06-01
      date:
      - Thu, 07 Jul 2022 16:26:03 GMT
      ms-cv:
      - 4PkUq6h4Rkmz6qCIa4EXUw.0
      request-context:
      - appId=
      strict-transport-security:
      - max-age=2592000
      x-cache:
      - CONFIG_NOCACHE
      x-processing-time:
      - 120ms
    status:
      code: 204
      message: No Content
- request:
    body: null
    headers:
      Accept:
      - application/json
      Accept-Encoding:
      - gzip, deflate
      Connection:
      - keep-alive
      Content-Length:
      - '0'
      User-Agent:
      - azsdk-python-communication-identity/1.1.0 Python/3.10.5 (Windows-10-10.0.19044-SP0)
      x-ms-date:
      - Thu, 07 Jul 2022 16:26:03 GMT
      x-ms-return-client-request-id:
      - 'true'
    method: DELETE
    uri: https://sanitized.ppe.communication.azure.net/identities/sanitized?api-version=2022-06-01
  response:
    body:
      string: ''
    headers:
      api-supported-versions:
      - 2020-07-20-preview2, 2021-02-22-preview1, 2021-03-07, 2021-10-31-preview,
        2021-11-01, 2022-06-01
      date:
      - Thu, 07 Jul 2022 16:26:03 GMT
      ms-cv:
      - Us/chUgBtU+n1f4MMPBpTQ.0
      request-context:
      - appId=
      strict-transport-security:
      - max-age=2592000
      x-cache:
      - CONFIG_NOCACHE
      x-processing-time:
      - 150ms
    status:
      code: 204
      message: No Content
- request:
    body: null
    headers:
      Accept:
      - application/json
      Accept-Encoding:
      - gzip, deflate
      Connection:
      - keep-alive
      Content-Length:
      - '0'
      User-Agent:
      - azsdk-python-communication-identity/1.1.0 Python/3.10.5 (Windows-10-10.0.19044-SP0)
      x-ms-date:
      - Thu, 07 Jul 2022 16:26:03 GMT
      x-ms-return-client-request-id:
      - 'true'
    method: DELETE
    uri: https://sanitized.ppe.communication.azure.net/identities/sanitized?api-version=2022-06-01
  response:
    body:
      string: ''
    headers:
      api-supported-versions:
      - 2020-07-20-preview2, 2021-02-22-preview1, 2021-03-07, 2021-10-31-preview,
        2021-11-01, 2022-06-01
      date:
      - Thu, 07 Jul 2022 16:26:03 GMT
      ms-cv:
      - q0D9LUJubkGhqEKP/W/uVw.0
      request-context:
      - appId=
      strict-transport-security:
      - max-age=2592000
      x-cache:
      - CONFIG_NOCACHE
      x-processing-time:
      - 109ms
    status:
      code: 204
      message: No Content
version: 1
