interactions:
- request:
    body: '{}'
    headers:
      Accept:
      - application/json
      Accept-Encoding:
      - gzip, deflate
      Connection:
      - keep-alive
      Content-Length:
      - '2'
      Content-Type:
      - application/json
      User-Agent:
      - azsdk-python-communication-identity/1.2.0 Python/3.10.5 (Windows-10-10.0.19044-SP0)
      x-ms-date:
      - Tue, 28 Jun 2022 16:13:48 GMT
      x-ms-return-client-request-id:
      - 'true'
    method: POST
    uri: https://sanitized.ppe.communication.azure.net/identities?api-version=2021-10-31-preview
  response:
    body:
      string: '{"identity":{"id":"8:acs:db75ed0c-e801-41a3-99a4-66a0a119a06c_00000012-4af8-c672-07fd-084822000a4b"}}'
    headers:
      api-supported-versions:
      - 2020-07-20-preview2, 2021-02-22-preview1, 2021-03-07, 2021-10-31-preview,
        2021-11-01, 2022-06-01
      content-length:
      - '101'
      content-type:
      - application/json; charset=utf-8
      date:
      - Tue, 28 Jun 2022 16:13:48 GMT
      ms-cv:
      - eEdAUBTgD0uwCQfd4zBSkQ.0
      request-context:
      - appId=
      strict-transport-security:
      - max-age=2592000
      x-cache:
      - CONFIG_NOCACHE
      x-processing-time:
      - 31ms
    status:
      code: 201
      message: Created
- request:
    body: '{}'
    headers:
      Accept:
      - application/json
      Accept-Encoding:
      - gzip, deflate
      Connection:
      - keep-alive
      Content-Length:
      - '2'
      Content-Type:
      - application/json
      User-Agent:
      - azsdk-python-communication-identity/1.2.0 Python/3.10.5 (Windows-10-10.0.19044-SP0)
      x-ms-date:
      - Tue, 28 Jun 2022 16:13:49 GMT
      x-ms-return-client-request-id:
      - 'true'
    method: POST
    uri: https://sanitized.ppe.communication.azure.net/identities?api-version=2021-10-31-preview
  response:
    body:
      string: '{"identity":{"id":"8:acs:db75ed0c-e801-41a3-99a4-66a0a119a06c_00000012-4af8-c6f0-07fd-084822000a4c"}}'
    headers:
      api-supported-versions:
      - 2020-07-20-preview2, 2021-02-22-preview1, 2021-03-07, 2021-10-31-preview,
        2021-11-01, 2022-06-01
      content-length:
      - '101'
      content-type:
      - application/json; charset=utf-8
      date:
      - Tue, 28 Jun 2022 16:13:48 GMT
      ms-cv:
      - /WbuonsdzkWwJGKRtlTi8g.0
      request-context:
      - appId=
      strict-transport-security:
      - max-age=2592000
      x-cache:
      - CONFIG_NOCACHE
      x-processing-time:
      - 30ms
    status:
      code: 201
      message: Created
- request:
    body: '{}'
    headers:
      Accept:
      - application/json
      Accept-Encoding:
      - gzip, deflate
      Connection:
      - keep-alive
      Content-Length:
      - '2'
      Content-Type:
      - application/json
      User-Agent:
      - azsdk-python-communication-identity/1.2.0 Python/3.10.5 (Windows-10-10.0.19044-SP0)
      x-ms-date:
      - Tue, 28 Jun 2022 16:13:49 GMT
      x-ms-return-client-request-id:
      - 'true'
    method: POST
    uri: https://sanitized.ppe.communication.azure.net/identities?api-version=2021-10-31-preview
  response:
    body:
      string: '{"identity":{"id":"8:acs:db75ed0c-e801-41a3-99a4-66a0a119a06c_00000012-4af8-c76c-07fd-084822000a4d"}}'
    headers:
      api-supported-versions:
      - 2020-07-20-preview2, 2021-02-22-preview1, 2021-03-07, 2021-10-31-preview,
        2021-11-01, 2022-06-01
      content-length:
      - '101'
      content-type:
      - application/json; charset=utf-8
      date:
      - Tue, 28 Jun 2022 16:13:48 GMT
      ms-cv:
      - 7/d1xd8Q9kWy6m2G/2hY8g.0
      request-context:
      - appId=
      strict-transport-security:
      - max-age=2592000
      x-cache:
      - CONFIG_NOCACHE
      x-processing-time:
      - 30ms
    status:
      code: 201
      message: Created
- request:
    body: '{"validFrom": "2022-08-28T12:13:49.315656Z", "validUntil": "2022-09-28T12:13:49.315656Z",
      "participants": []}'
    headers:
      Accept:
      - application/json
      Content-Length:
      - '109'
      Content-Type:
      - application/json
      Repeatability-First-Sent:
      - '2022-06-28T16:13:49.315656Z'
      Repeatability-Request-ID:
      - 4b5c86d4-f6fd-11ec-b305-a864f132484d
      User-Agent:
      - azsdk-python-communication-rooms/1.1.0 Python/3.10.5 (Windows-10-10.0.19044-SP0)
      x-ms-date:
      - Tue, 28 Jun 2022 16:13:49 GMT
      x-ms-return-client-request-id:
      - 'true'
    method: POST
    uri: https://sanitized.ppe.communication.azure.net/rooms?api-version=2022-02-01
  response:
    body:
      string: '{"id":"9942455228931017","createdDateTime":"2022-06-28T16:13:49.6715485+00:00","validFrom":"2022-08-28T12:13:49.315656+00:00","validUntil":"2022-09-28T12:13:49.315656+00:00","roomJoinPolicy":"InviteOnly","participants":[]}'
    headers:
      api-supported-versions: 2021-04-07, 2022-02-01
      content-type: application/json; charset=utf-8
      date: Tue, 28 Jun 2022 16:13:49 GMT
      ms-cv: RquwlXXR5ECMDc7w2G9KNQ.0
      repeatability-result: accepted
      transfer-encoding: chunked
      x-cache: CONFIG_NOCACHE
    status:
      code: 201
      message: Created
    url: https://sanitized.ppe.communication.azure.net/rooms?api-version=2022-02-01
- request:
    body: '{"validFrom": "2022-08-28T12:13:49.315656Z"}'
    headers:
      Accept:
      - application/json
      Content-Length:
      - '44'
      Content-Type:
      - application/json
      User-Agent:
      - azsdk-python-communication-rooms/1.1.0 Python/3.10.5 (Windows-10-10.0.19044-SP0)
      x-ms-date:
      - Tue, 28 Jun 2022 16:13:49 GMT
      x-ms-return-client-request-id:
      - 'true'
    method: PATCH
    uri: https://sanitized.ppe.communication.azure.net/rooms/9942455228931017?api-version=2022-02-01
  response:
    body:
      string: '{"type":"https://tools.ietf.org/html/rfc7231#section-6.5.1","title":"One
        or more validation errors occurred.","status":400,"traceId":"00-dbfefe8615fa9474781fd2181de67687-35e5b20d4b96f909-00","errors":{"":["validFrom
        and validUntil should be set together."]}}'
    headers:
      content-type: application/problem+json; charset=utf-8
      date: Tue, 28 Jun 2022 16:13:49 GMT
      ms-cv: T/Hbvl9mhU6wiI3nR/Ztiw.0
      transfer-encoding: chunked
      x-cache: CONFIG_NOCACHE
    status:
      code: 400
      message: Bad Request
    url: https://sanitized.ppe.communication.azure.net/rooms/9942455228931017?api-version=2022-02-01
- request:
    body: null
    headers:
      Accept:
      - application/json
      Accept-Encoding:
      - gzip, deflate
      Connection:
      - keep-alive
      Content-Length:
      - '0'
      User-Agent:
      - azsdk-python-communication-identity/1.2.0 Python/3.10.5 (Windows-10-10.0.19044-SP0)
      x-ms-date:
      - Tue, 28 Jun 2022 16:13:49 GMT
      x-ms-return-client-request-id:
      - 'true'
    method: DELETE
    uri: https://sanitized.ppe.communication.azure.net/identities/8%3Aacs%3Adb75ed0c-e801-41a3-99a4-66a0a119a06c_00000012-4af8-c672-07fd-084822000a4b?api-version=2021-10-31-preview
  response:
    body:
      string: ''
    headers:
      api-supported-versions:
      - 2020-07-20-preview2, 2021-02-22-preview1, 2021-03-07, 2021-10-31-preview,
        2021-11-01, 2022-06-01
      date:
      - Tue, 28 Jun 2022 16:13:49 GMT
      ms-cv:
      - FJAJTh/kjEGAtYMmfrT0xw.0
      request-context:
      - appId=
      strict-transport-security:
      - max-age=2592000
      x-cache:
      - CONFIG_NOCACHE
      x-processing-time:
      - 205ms
    status:
      code: 204
      message: No Content
- request:
    body: null
    headers:
      Accept:
      - application/json
      Accept-Encoding:
      - gzip, deflate
      Connection:
      - keep-alive
      Content-Length:
      - '0'
      User-Agent:
      - azsdk-python-communication-identity/1.2.0 Python/3.10.5 (Windows-10-10.0.19044-SP0)
      x-ms-date:
      - Tue, 28 Jun 2022 16:13:50 GMT
      x-ms-return-client-request-id:
      - 'true'
    method: DELETE
    uri: https://sanitized.ppe.communication.azure.net/identities/8%3Aacs%3Adb75ed0c-e801-41a3-99a4-66a0a119a06c_00000012-4af8-c6f0-07fd-084822000a4c?api-version=2021-10-31-preview
  response:
    body:
      string: ''
    headers:
      api-supported-versions:
      - 2020-07-20-preview2, 2021-02-22-preview1, 2021-03-07, 2021-10-31-preview,
        2021-11-01, 2022-06-01
      date:
      - Tue, 28 Jun 2022 16:13:49 GMT
      ms-cv:
      - GHqO0nNDYkaKHXHWGpCs1w.0
      request-context:
      - appId=
      strict-transport-security:
      - max-age=2592000
      x-cache:
      - CONFIG_NOCACHE
      x-processing-time:
      - 148ms
    status:
      code: 204
      message: No Content
- request:
    body: null
    headers:
      Accept:
      - application/json
      Accept-Encoding:
      - gzip, deflate
      Connection:
      - keep-alive
      Content-Length:
      - '0'
      User-Agent:
      - azsdk-python-communication-identity/1.2.0 Python/3.10.5 (Windows-10-10.0.19044-SP0)
      x-ms-date:
      - Tue, 28 Jun 2022 16:13:50 GMT
      x-ms-return-client-request-id:
      - 'true'
    method: DELETE
    uri: https://sanitized.ppe.communication.azure.net/identities/8%3Aacs%3Adb75ed0c-e801-41a3-99a4-66a0a119a06c_00000012-4af8-c76c-07fd-084822000a4d?api-version=2021-10-31-preview
  response:
    body:
      string: ''
    headers:
      api-supported-versions:
      - 2020-07-20-preview2, 2021-02-22-preview1, 2021-03-07, 2021-10-31-preview,
        2021-11-01, 2022-06-01
      date:
      - Tue, 28 Jun 2022 16:13:49 GMT
      ms-cv:
      - qbE7B+QmqkmbLeCcLkWoSQ.0
      request-context:
      - appId=
      strict-transport-security:
      - max-age=2592000
      x-cache:
      - CONFIG_NOCACHE
      x-processing-time:
      - 145ms
    status:
      code: 204
      message: No Content
version: 1
