interactions:
- request:
    body: '{}'
    headers:
      Accept:
      - application/json
      Accept-Encoding:
      - gzip, deflate
      Connection:
      - keep-alive
      Content-Length:
      - '2'
      Content-Type:
      - application/json
      User-Agent:
      - azsdk-python-communication-identity/1.2.0 Python/3.10.5 (Windows-10-10.0.19044-SP0)
      x-ms-date:
      - Thu, 30 Jun 2022 21:26:57 GMT
      x-ms-return-client-request-id:
      - 'true'
    method: POST
    uri: https://sanitized.ppe.communication.azure.net/identities?api-version=2021-10-31-preview
  response:
    body:
      string: '{"identity":{"id":"8:acs:db75ed0c-e801-41a3-99a4-66a0a119a06c_00000012-5664-2c14-e1fe-08482200c48f"}}'
    headers:
      api-supported-versions:
      - 2020-07-20-preview2, 2021-02-22-preview1, 2021-03-07, 2021-10-31-preview,
        2021-11-01, 2022-06-01
      content-length:
      - '101'
      content-type:
      - application/json; charset=utf-8
      date:
      - Thu, 30 Jun 2022 21:26:56 GMT
      ms-cv:
      - EewCySYrv0KkoLSy/E24YA.0
      request-context:
      - appId=
      strict-transport-security:
      - max-age=2592000
      x-cache:
      - CONFIG_NOCACHE
      x-processing-time:
      - 27ms
    status:
      code: 201
      message: Created
- request:
    body: '{}'
    headers:
      Accept:
      - application/json
      Accept-Encoding:
      - gzip, deflate
      Connection:
      - keep-alive
      Content-Length:
      - '2'
      Content-Type:
      - application/json
      User-Agent:
      - azsdk-python-communication-identity/1.2.0 Python/3.10.5 (Windows-10-10.0.19044-SP0)
      x-ms-date:
      - Thu, 30 Jun 2022 21:26:57 GMT
      x-ms-return-client-request-id:
      - 'true'
    method: POST
    uri: https://sanitized.ppe.communication.azure.net/identities?api-version=2021-10-31-preview
  response:
    body:
      string: '{"identity":{"id":"8:acs:db75ed0c-e801-41a3-99a4-66a0a119a06c_00000012-5664-2ca0-e1fe-08482200c490"}}'
    headers:
      api-supported-versions:
      - 2020-07-20-preview2, 2021-02-22-preview1, 2021-03-07, 2021-10-31-preview,
        2021-11-01, 2022-06-01
      content-length:
      - '101'
      content-type:
      - application/json; charset=utf-8
      date:
      - Thu, 30 Jun 2022 21:26:56 GMT
      ms-cv:
      - NOywP4+VHEqfq4OveQDwCw.0
      request-context:
      - appId=
      strict-transport-security:
      - max-age=2592000
      x-cache:
      - CONFIG_NOCACHE
      x-processing-time:
      - 31ms
    status:
      code: 201
      message: Created
- request:
    body: '{}'
    headers:
      Accept:
      - application/json
      Accept-Encoding:
      - gzip, deflate
      Connection:
      - keep-alive
      Content-Length:
      - '2'
      Content-Type:
      - application/json
      User-Agent:
      - azsdk-python-communication-identity/1.2.0 Python/3.10.5 (Windows-10-10.0.19044-SP0)
      x-ms-date:
      - Thu, 30 Jun 2022 21:26:57 GMT
      x-ms-return-client-request-id:
      - 'true'
    method: POST
    uri: https://sanitized.ppe.communication.azure.net/identities?api-version=2021-10-31-preview
  response:
    body:
      string: '{"identity":{"id":"8:acs:db75ed0c-e801-41a3-99a4-66a0a119a06c_00000012-5664-2d40-e1fe-08482200c491"}}'
    headers:
      api-supported-versions:
      - 2020-07-20-preview2, 2021-02-22-preview1, 2021-03-07, 2021-10-31-preview,
        2021-11-01, 2022-06-01
      content-length:
      - '101'
      content-type:
      - application/json; charset=utf-8
      date:
      - Thu, 30 Jun 2022 21:26:56 GMT
      ms-cv:
      - VVQYr7DAXU+VxPw1fUDPpA.0
      request-context:
      - appId=
      strict-transport-security:
      - max-age=2592000
      x-cache:
      - CONFIG_NOCACHE
      x-processing-time:
      - 48ms
    status:
      code: 201
      message: Created
- request:
    body: '{}'
    headers:
      Accept:
      - application/json
      Accept-Encoding:
      - gzip, deflate
      Connection:
      - keep-alive
      Content-Length:
      - '2'
      Content-Type:
      - application/json
      Repeatability-First-Sent:
      - '2022-06-30T21:26:57.885907Z'
      Repeatability-Request-ID:
      - 5f0c543e-f8bb-11ec-a3d1-a864f132484d
      User-Agent:
      - azsdk-python-communication-rooms/1.1.0 Python/3.10.5 (Windows-10-10.0.19044-SP0)
      x-ms-date:
      - Thu, 30 Jun 2022 21:26:57 GMT
      x-ms-return-client-request-id:
      - 'true'
    method: POST
    uri: https://sanitized.ppe.communication.azure.net/rooms?api-version=2022-02-01
  response:
    body:
      string: '{"id":"99476506742665303","createdDateTime":"2022-06-30T21:26:57.8147551+00:00","validFrom":"2022-06-30T21:26:57.7836484+00:00","validUntil":"2022-12-27T21:26:57.7836484+00:00","roomJoinPolicy":"InviteOnly","participants":[]}'
    headers:
      api-supported-versions:
      - 2021-04-07, 2022-02-01
      content-type:
      - application/json; charset=utf-8
      date:
      - Thu, 30 Jun 2022 21:26:57 GMT
      ms-cv:
      - sFP7d/41mU+K1hYEqTQALA.0
      repeatability-result:
      - accepted
      transfer-encoding:
      - chunked
      x-cache:
      - CONFIG_NOCACHE
    status:
      code: 201
      message: Created
- request:
    body: null
    headers:
      Accept:
      - application/json
      Accept-Encoding:
      - gzip, deflate
      Connection:
      - keep-alive
      Content-Length:
      - '0'
      User-Agent:
      - azsdk-python-communication-rooms/1.1.0 Python/3.10.5 (Windows-10-10.0.19044-SP0)
      x-ms-date:
      - Thu, 30 Jun 2022 21:26:58 GMT
      x-ms-return-client-request-id:
      - 'true'
    method: DELETE
    uri: https://sanitized.ppe.communication.azure.net/rooms/99476506742665303?api-version=2022-02-01
  response:
    body:
      string: ''
    headers:
      api-supported-versions:
      - 2021-04-07, 2022-02-01
      date:
      - Thu, 30 Jun 2022 21:26:57 GMT
      ms-cv:
      - zyD5LjWkXkav+7P77ZlfMQ.0
      x-cache:
      - CONFIG_NOCACHE
    status:
      code: 204
      message: No Content
- request:
    body: null
    headers:
      Accept:
      - application/json
      Accept-Encoding:
      - gzip, deflate
      Connection:
      - keep-alive
      Content-Length:
      - '0'
      User-Agent:
      - azsdk-python-communication-identity/1.2.0 Python/3.10.5 (Windows-10-10.0.19044-SP0)
      x-ms-date:
      - Thu, 30 Jun 2022 21:26:58 GMT
      x-ms-return-client-request-id:
      - 'true'
    method: DELETE
    uri: https://sanitized.ppe.communication.azure.net/identities/8%3Aacs%3Adb75ed0c-e801-41a3-99a4-66a0a119a06c_00000012-5664-2c14-e1fe-08482200c48f?api-version=2021-10-31-preview
  response:
    body:
      string: ''
    headers:
      api-supported-versions:
      - 2020-07-20-preview2, 2021-02-22-preview1, 2021-03-07, 2021-10-31-preview,
        2021-11-01, 2022-06-01
      date:
      - Thu, 30 Jun 2022 21:26:58 GMT
      ms-cv:
      - WSJRSVo780qmltHitZ6UBw.0
      request-context:
      - appId=
      strict-transport-security:
      - max-age=2592000
      x-cache:
      - CONFIG_NOCACHE
      x-processing-time:
      - 130ms
    status:
      code: 204
      message: No Content
- request:
    body: null
    headers:
      Accept:
      - application/json
      Accept-Encoding:
      - gzip, deflate
      Connection:
      - keep-alive
      Content-Length:
      - '0'
      User-Agent:
      - azsdk-python-communication-identity/1.2.0 Python/3.10.5 (Windows-10-10.0.19044-SP0)
      x-ms-date:
      - Thu, 30 Jun 2022 21:26:59 GMT
      x-ms-return-client-request-id:
      - 'true'
    method: DELETE
    uri: https://sanitized.ppe.communication.azure.net/identities/8%3Aacs%3Adb75ed0c-e801-41a3-99a4-66a0a119a06c_00000012-5664-2ca0-e1fe-08482200c490?api-version=2021-10-31-preview
  response:
    body:
      string: ''
    headers:
      api-supported-versions:
      - 2020-07-20-preview2, 2021-02-22-preview1, 2021-03-07, 2021-10-31-preview,
        2021-11-01, 2022-06-01
      date:
      - Thu, 30 Jun 2022 21:26:58 GMT
      ms-cv:
      - OD0knOGk5kGYclN1UlkzOw.0
      request-context:
      - appId=
      strict-transport-security:
      - max-age=2592000
      x-cache:
      - CONFIG_NOCACHE
      x-processing-time:
      - 147ms
    status:
      code: 204
      message: No Content
- request:
    body: null
    headers:
      Accept:
      - application/json
      Accept-Encoding:
      - gzip, deflate
      Connection:
      - keep-alive
      Content-Length:
      - '0'
      User-Agent:
      - azsdk-python-communication-identity/1.2.0 Python/3.10.5 (Windows-10-10.0.19044-SP0)
      x-ms-date:
      - Thu, 30 Jun 2022 21:26:59 GMT
      x-ms-return-client-request-id:
      - 'true'
    method: DELETE
    uri: https://sanitized.ppe.communication.azure.net/identities/8%3Aacs%3Adb75ed0c-e801-41a3-99a4-66a0a119a06c_00000012-5664-2d40-e1fe-08482200c491?api-version=2021-10-31-preview
  response:
    body:
      string: ''
    headers:
      api-supported-versions:
      - 2020-07-20-preview2, 2021-02-22-preview1, 2021-03-07, 2021-10-31-preview,
        2021-11-01, 2022-06-01
      date:
      - Thu, 30 Jun 2022 21:26:58 GMT
      ms-cv:
      - jpdT8r9/WU2Uv0UovEzEhg.0
      request-context:
      - appId=
      strict-transport-security:
      - max-age=2592000
      x-cache:
      - CONFIG_NOCACHE
      x-processing-time:
      - 98ms
    status:
      code: 204
      message: No Content
version: 1
