interactions:
- request:
    body: '{}'
    headers:
      Accept:
      - application/json
      Accept-Encoding:
      - gzip, deflate
      Connection:
      - keep-alive
      Content-Length:
      - '2'
      Content-Type:
      - application/json
      User-Agent:
      - azsdk-python-communication-identity/1.1.0 Python/3.10.5 (Windows-10-10.0.19044-SP0)
      x-ms-date:
      - Thu, 07 Jul 2022 16:26:09 GMT
      x-ms-return-client-request-id:
      - 'true'
    method: POST
    uri: https://sanitized.ppe.communication.azure.net/identities?api-version=2022-06-01
  response:
    body:
      string: '{"identity":{"id":"sanitized"}}'
    headers:
      api-supported-versions:
      - 2020-07-20-preview2, 2021-02-22-preview1, 2021-03-07, 2021-10-31-preview,
        2021-11-01, 2022-06-01
      content-length:
      - '101'
      content-type:
      - application/json; charset=utf-8
      date:
      - Thu, 07 Jul 2022 16:26:08 GMT
      ms-cv:
      - 4HLQpUkwY0WbRcoD6mTX9g.0
      request-context:
      - appId=
      strict-transport-security:
      - max-age=2592000
      x-cache:
      - CONFIG_NOCACHE
      x-processing-time:
      - 31ms
    status:
      code: 201
      message: Created
- request:
    body: '{}'
    headers:
      Accept:
      - application/json
      Accept-Encoding:
      - gzip, deflate
      Connection:
      - keep-alive
      Content-Length:
      - '2'
      Content-Type:
      - application/json
      User-Agent:
      - azsdk-python-communication-identity/1.1.0 Python/3.10.5 (Windows-10-10.0.19044-SP0)
      x-ms-date:
      - Thu, 07 Jul 2022 16:26:09 GMT
      x-ms-return-client-request-id:
      - 'true'
    method: POST
    uri: https://sanitized.ppe.communication.azure.net/identities?api-version=2022-06-01
  response:
    body:
      string: '{"identity":{"id":"sanitized"}}'
    headers:
      api-supported-versions:
      - 2020-07-20-preview2, 2021-02-22-preview1, 2021-03-07, 2021-10-31-preview,
        2021-11-01, 2022-06-01
      content-length:
      - '101'
      content-type:
      - application/json; charset=utf-8
      date:
      - Thu, 07 Jul 2022 16:26:08 GMT
      ms-cv:
      - pIAstB69qESFntxO+Bo8cw.0
      request-context:
      - appId=
      strict-transport-security:
      - max-age=2592000
      x-cache:
      - CONFIG_NOCACHE
      x-processing-time:
      - 28ms
    status:
      code: 201
      message: Created
- request:
    body: '{}'
    headers:
      Accept:
      - application/json
      Accept-Encoding:
      - gzip, deflate
      Connection:
      - keep-alive
      Content-Length:
      - '2'
      Content-Type:
      - application/json
      User-Agent:
      - azsdk-python-communication-identity/1.1.0 Python/3.10.5 (Windows-10-10.0.19044-SP0)
      x-ms-date:
      - Thu, 07 Jul 2022 16:26:09 GMT
      x-ms-return-client-request-id:
      - 'true'
    method: POST
    uri: https://sanitized.ppe.communication.azure.net/identities?api-version=2022-06-01
  response:
    body:
      string: '{"identity":{"id":"sanitized"}}'
    headers:
      api-supported-versions:
      - 2020-07-20-preview2, 2021-02-22-preview1, 2021-03-07, 2021-10-31-preview,
        2021-11-01, 2022-06-01
      content-length:
      - '101'
      content-type:
      - application/json; charset=utf-8
      date:
      - Thu, 07 Jul 2022 16:26:08 GMT
      ms-cv:
      - 2CadbYHJnEOW2NaI6W7Syg.0
      request-context:
      - appId=
      strict-transport-security:
      - max-age=2592000
      x-cache:
      - CONFIG_NOCACHE
      x-processing-time:
      - 31ms
    status:
      code: 201
      message: Created
- request:
    body: '{"validFrom": "2022-07-10T12:26:09.748692Z", "validUntil": "2022-09-10T12:26:09.748692Z",
      "participants": [{"communicationIdentifier": {"communicationUser": {"id": "sanitized"}},
      "role": "Presenter"}]}'
    headers:
      Accept:
      - application/json
      Accept-Encoding:
      - gzip, deflate
      Connection:
      - keep-alive
      Content-Length:
      - '271'
      Content-Type:
      - application/json
      Repeatability-First-Sent:
      - '2022-07-07T16:26:09.748692Z'
      Repeatability-Request-ID:
      - 8269644f-fe11-11ec-b413-a864f132484d
      User-Agent:
      - azsdk-python-communication-rooms/1.1.0 Python/3.10.5 (Windows-10-10.0.19044-SP0)
      x-ms-date:
      - Thu, 07 Jul 2022 16:26:09 GMT
      x-ms-return-client-request-id:
      - 'true'
    method: POST
    uri: https://sanitized.ppe.communication.azure.net/rooms?api-version=2022-02-01
  response:
    body:
      string: '{"id":"99455424919370284","createdDateTime":"2022-07-07T16:26:10.3139131+00:00","validFrom":"2022-07-10T12:26:09.748692+00:00","validUntil":"2022-09-10T12:26:09.748692+00:00","roomJoinPolicy":"InviteOnly","participants":[{"communicationIdentifier":{"rawId":"sanitized","communicationUser":{"id":"sanitized"}},"role":"Presenter"}]}'
    headers:
      api-supported-versions:
      - 2021-04-07, 2022-02-01
      content-type:
      - application/json; charset=utf-8
      date:
      - Thu, 07 Jul 2022 16:26:09 GMT
      ms-cv:
      - FzvKiY/A10G4+VMxkS369g.0
      repeatability-result:
      - accepted
      transfer-encoding:
      - chunked
      x-cache:
      - CONFIG_NOCACHE
    status:
      code: 201
      message: Created
- request:
    body: null
    headers:
      Accept:
      - application/json
      Accept-Encoding:
      - gzip, deflate
      Connection:
      - keep-alive
      User-Agent:
      - azsdk-python-communication-rooms/1.1.0 Python/3.10.5 (Windows-10-10.0.19044-SP0)
      x-ms-date:
      - Thu, 07 Jul 2022 16:26:10 GMT
      x-ms-return-client-request-id:
      - 'true'
    method: GET
    uri: https://sanitized.ppe.communication.azure.net/rooms/99455424919370284?api-version=2022-02-01
  response:
    body:
      string: '{"id":"99455424919370284","createdDateTime":"2022-07-07T16:26:10.3139131+00:00","validFrom":"2022-07-10T12:26:09.748692+00:00","validUntil":"2022-09-10T12:26:09.748692+00:00","roomJoinPolicy":"InviteOnly","participants":[{"communicationIdentifier":{"rawId":"sanitized","communicationUser":{"id":"sanitized"}},"role":"Presenter"}]}'
    headers:
      api-supported-versions:
      - 2021-04-07, 2022-02-01
      content-type:
      - application/json; charset=utf-8
      date:
      - Thu, 07 Jul 2022 16:26:09 GMT
      ms-cv:
      - WL4YpiNwr0ePgWLnRE1Yqg.0
      transfer-encoding:
      - chunked
      x-cache:
      - CONFIG_NOCACHE
    status:
      code: 200
      message: OK
- request:
    body: null
    headers:
      Accept:
      - application/json
      Accept-Encoding:
      - gzip, deflate
      Connection:
      - keep-alive
      Content-Length:
      - '0'
      User-Agent:
      - azsdk-python-communication-rooms/1.1.0 Python/3.10.5 (Windows-10-10.0.19044-SP0)
      x-ms-date:
      - Thu, 07 Jul 2022 16:26:10 GMT
      x-ms-return-client-request-id:
      - 'true'
    method: DELETE
    uri: https://sanitized.ppe.communication.azure.net/rooms/99455424919370284?api-version=2022-02-01
  response:
    body:
      string: ''
    headers:
      api-supported-versions:
      - 2021-04-07, 2022-02-01
      date:
      - Thu, 07 Jul 2022 16:26:10 GMT
      ms-cv:
      - I9G4AhkvEUSX55C1rKrzag.0
      x-cache:
      - CONFIG_NOCACHE
    status:
      code: 204
      message: No Content
- request:
    body: null
    headers:
      Accept:
      - application/json
      Accept-Encoding:
      - gzip, deflate
      Connection:
      - keep-alive
      Content-Length:
      - '0'
      User-Agent:
      - azsdk-python-communication-identity/1.1.0 Python/3.10.5 (Windows-10-10.0.19044-SP0)
      x-ms-date:
      - Thu, 07 Jul 2022 16:26:10 GMT
      x-ms-return-client-request-id:
      - 'true'
    method: DELETE
    uri: https://sanitized.ppe.communication.azure.net/identities/sanitized?api-version=2022-06-01
  response:
    body:
      string: ''
    headers:
      api-supported-versions:
      - 2020-07-20-preview2, 2021-02-22-preview1, 2021-03-07, 2021-10-31-preview,
        2021-11-01, 2022-06-01
      date:
      - Thu, 07 Jul 2022 16:26:10 GMT
      ms-cv:
      - YiweeNwmRUqXnqjBDloemQ.0
      request-context:
      - appId=
      strict-transport-security:
      - max-age=2592000
      x-cache:
      - CONFIG_NOCACHE
      x-processing-time:
      - 132ms
    status:
      code: 204
      message: No Content
- request:
    body: null
    headers:
      Accept:
      - application/json
      Accept-Encoding:
      - gzip, deflate
      Connection:
      - keep-alive
      Content-Length:
      - '0'
      User-Agent:
      - azsdk-python-communication-identity/1.1.0 Python/3.10.5 (Windows-10-10.0.19044-SP0)
      x-ms-date:
      - Thu, 07 Jul 2022 16:26:11 GMT
      x-ms-return-client-request-id:
      - 'true'
    method: DELETE
    uri: https://sanitized.ppe.communication.azure.net/identities/sanitized?api-version=2022-06-01
  response:
    body:
      string: ''
    headers:
      api-supported-versions:
      - 2020-07-20-preview2, 2021-02-22-preview1, 2021-03-07, 2021-10-31-preview,
        2021-11-01, 2022-06-01
      date:
      - Thu, 07 Jul 2022 16:26:10 GMT
      ms-cv:
      - r2WuKH2I4Ui+O6whV28orw.0
      request-context:
      - appId=
      strict-transport-security:
      - max-age=2592000
      x-cache:
      - CONFIG_NOCACHE
      x-processing-time:
      - 125ms
    status:
      code: 204
      message: No Content
- request:
    body: null
    headers:
      Accept:
      - application/json
      Accept-Encoding:
      - gzip, deflate
      Connection:
      - keep-alive
      Content-Length:
      - '0'
      User-Agent:
      - azsdk-python-communication-identity/1.1.0 Python/3.10.5 (Windows-10-10.0.19044-SP0)
      x-ms-date:
      - Thu, 07 Jul 2022 16:26:11 GMT
      x-ms-return-client-request-id:
      - 'true'
    method: DELETE
    uri: https://sanitized.ppe.communication.azure.net/identities/sanitized?api-version=2022-06-01
  response:
    body:
      string: ''
    headers:
      api-supported-versions:
      - 2020-07-20-preview2, 2021-02-22-preview1, 2021-03-07, 2021-10-31-preview,
        2021-11-01, 2022-06-01
      date:
      - Thu, 07 Jul 2022 16:26:10 GMT
      ms-cv:
      - 1Ri9hLK3K06KtwrRllU3Tw.0
      request-context:
      - appId=
      strict-transport-security:
      - max-age=2592000
      x-cache:
      - CONFIG_NOCACHE
      x-processing-time:
      - 95ms
    status:
      code: 204
      message: No Content
version: 1
