interactions:
- request:
    body: '{}'
    headers:
      Accept:
      - application/json
      Accept-Encoding:
      - gzip, deflate
      Connection:
      - keep-alive
      Content-Length:
      - '2'
      Content-Type:
      - application/json
      User-Agent:
      - azsdk-python-communication-identity/1.2.0 Python/3.10.5 (Windows-10-10.0.19044-SP0)
      x-ms-date:
      - Mon, 04 Jul 2022 20:49:21 GMT
      x-ms-return-client-request-id:
      - 'true'
    method: POST
    uri: https://sanitized.ppe.communication.azure.net/identities?api-version=2021-10-31-preview
  response:
    body:
      string: '{"identity":{"id":"8:acs:db75ed0c-e801-41a3-99a4-66a0a119a06c_00000012-6adb-2cd9-07fd-08482200b7fb"}}'
    headers:
      api-supported-versions:
      - 2020-07-20-preview2, 2021-02-22-preview1, 2021-03-07, 2021-10-31-preview,
        2021-11-01, 2022-06-01
      content-length:
      - '101'
      content-type:
      - application/json; charset=utf-8
      date:
      - Mon, 04 Jul 2022 20:49:19 GMT
      ms-cv:
      - QxIzg6nhXE2LAhzowBEfYQ.0
      request-context:
      - appId=
      strict-transport-security:
      - max-age=2592000
      x-cache:
      - CONFIG_NOCACHE
      x-processing-time:
      - 48ms
    status:
      code: 201
      message: Created
- request:
    body: '{}'
    headers:
      Accept:
      - application/json
      Accept-Encoding:
      - gzip, deflate
      Connection:
      - keep-alive
      Content-Length:
      - '2'
      Content-Type:
      - application/json
      User-Agent:
      - azsdk-python-communication-identity/1.2.0 Python/3.10.5 (Windows-10-10.0.19044-SP0)
      x-ms-date:
      - Mon, 04 Jul 2022 20:49:22 GMT
      x-ms-return-client-request-id:
      - 'true'
    method: POST
    uri: https://sanitized.ppe.communication.azure.net/identities?api-version=2021-10-31-preview
  response:
    body:
      string: '{"identity":{"id":"8:acs:db75ed0c-e801-41a3-99a4-66a0a119a06c_00000012-6adb-2d57-07fd-08482200b7fc"}}'
    headers:
      api-supported-versions:
      - 2020-07-20-preview2, 2021-02-22-preview1, 2021-03-07, 2021-10-31-preview,
        2021-11-01, 2022-06-01
      content-length:
      - '101'
      content-type:
      - application/json; charset=utf-8
      date:
      - Mon, 04 Jul 2022 20:49:20 GMT
      ms-cv:
      - hG7FRpT8JECk/4GXZJLquw.0
      request-context:
      - appId=
      strict-transport-security:
      - max-age=2592000
      x-cache:
      - CONFIG_NOCACHE
      x-processing-time:
      - 28ms
    status:
      code: 201
      message: Created
- request:
    body: '{}'
    headers:
      Accept:
      - application/json
      Accept-Encoding:
      - gzip, deflate
      Connection:
      - keep-alive
      Content-Length:
      - '2'
      Content-Type:
      - application/json
      User-Agent:
      - azsdk-python-communication-identity/1.2.0 Python/3.10.5 (Windows-10-10.0.19044-SP0)
      x-ms-date:
      - Mon, 04 Jul 2022 20:49:22 GMT
      x-ms-return-client-request-id:
      - 'true'
    method: POST
    uri: https://sanitized.ppe.communication.azure.net/identities?api-version=2021-10-31-preview
  response:
    body:
      string: '{"identity":{"id":"8:acs:db75ed0c-e801-41a3-99a4-66a0a119a06c_00000012-6adb-2dd4-07fd-08482200b7fd"}}'
    headers:
      api-supported-versions:
      - 2020-07-20-preview2, 2021-02-22-preview1, 2021-03-07, 2021-10-31-preview,
        2021-11-01, 2022-06-01
      content-length:
      - '101'
      content-type:
      - application/json; charset=utf-8
      date:
      - Mon, 04 Jul 2022 20:49:20 GMT
      ms-cv:
      - oaeuNTeBg0mfd2EExgGeIw.0
      request-context:
      - appId=
      strict-transport-security:
      - max-age=2592000
      x-cache:
      - CONFIG_NOCACHE
      x-processing-time:
      - 29ms
    status:
      code: 201
      message: Created
- request:
    body: '{}'
    headers:
      Accept:
      - application/json
      Content-Length:
      - '2'
      Content-Type:
      - application/json
      Repeatability-First-Sent:
      - '2022-07-04T20:49:22.473758Z'
      Repeatability-Request-ID:
      - c85ebf31-fbda-11ec-a9a1-a864f132484d
      User-Agent:
      - azsdk-python-communication-rooms/1.1.0 Python/3.10.5 (Windows-10-10.0.19044-SP0)
      x-ms-date:
      - Mon, 04 Jul 2022 20:49:22 GMT
      x-ms-return-client-request-id:
      - 'true'
    method: POST
    uri: https://sanitized.ppe.communication.azure.net/rooms?api-version=2022-02-01
  response:
    body:
      string: '{"id":"99473005392522540","createdDateTime":"2022-07-04T20:49:20.8026613+00:00","validFrom":"2022-07-04T20:49:20.71605+00:00","validUntil":"2022-12-31T20:49:20.71605+00:00","roomJoinPolicy":"InviteOnly","participants":[]}'
    headers:
      api-supported-versions: 2021-04-07, 2022-02-01
      content-type: application/json; charset=utf-8
      date: Mon, 04 Jul 2022 20:49:19 GMT
      ms-cv: 9zLbk5UUK0GfabYJb9p0VA.0
      repeatability-result: accepted
      transfer-encoding: chunked
      x-cache: CONFIG_NOCACHE
    status:
      code: 201
      message: Created
    url: https://sanitized.ppe.communication.azure.net/rooms?api-version=2022-02-01
- request:
    body: '{"participants": [{"communicationIdentifier": {"communicationUser": {"id":
      "8:acs:db75ed0c-e801-41a3-99a4-66a0a119a06c_00000012-6adb-2cd9-07fd-08482200b7fb"}},
      "role": "Presenter"}]}'
    headers:
      Accept:
      - application/json
      Content-Length:
      - '182'
      Content-Type:
      - application/json
      User-Agent:
      - azsdk-python-communication-rooms/1.1.0 Python/3.10.5 (Windows-10-10.0.19044-SP0)
      x-ms-date:
      - Mon, 04 Jul 2022 20:49:23 GMT
      x-ms-return-client-request-id:
      - 'true'
    method: POST
    uri: https://sanitized.ppe.communication.azure.net/rooms/99473005392522540/participants:add?api-version=2022-02-01
  response:
    body:
      string: '{"participants":[{"communicationIdentifier":{"rawId":"8:acs:db75ed0c-e801-41a3-99a4-66a0a119a06c_00000012-6adb-2cd9-07fd-08482200b7fb","communicationUser":{"id":"8:acs:db75ed0c-e801-41a3-99a4-66a0a119a06c_00000012-6adb-2cd9-07fd-08482200b7fb"}},"role":"Presenter"}]}'
    headers:
      api-supported-versions: '2022-02-01'
      content-type: application/json; charset=utf-8
      date: Mon, 04 Jul 2022 20:49:20 GMT
      ms-cv: N/5VgP4o3ECfX+Aayp4KEw.0
      transfer-encoding: chunked
      x-cache: CONFIG_NOCACHE
    status:
      code: 200
      message: OK
    url: https://sanitized.ppe.communication.azure.net/rooms/99473005392522540/participants:add?api-version=2022-02-01
- request:
    body: ''
    headers:
      Accept:
      - application/json
      User-Agent:
      - azsdk-python-communication-rooms/1.1.0 Python/3.10.5 (Windows-10-10.0.19044-SP0)
      x-ms-date:
      - Mon, 04 Jul 2022 20:49:23 GMT
      x-ms-return-client-request-id:
      - 'true'
    method: DELETE
    uri: https://sanitized.ppe.communication.azure.net/rooms/99473005392522540?api-version=2022-02-01
  response:
    body:
      string: ''
    headers:
      api-supported-versions: 2021-04-07, 2022-02-01
      date: Mon, 04 Jul 2022 20:49:20 GMT
      ms-cv: xhTNDTYwzE6YIIKMOsQPIA.0
      x-cache: CONFIG_NOCACHE
    status:
      code: 204
      message: No Content
    url: https://sanitized.ppe.communication.azure.net/rooms/99473005392522540?api-version=2022-02-01
- request:
    body: null
    headers:
      Accept:
      - application/json
      Accept-Encoding:
      - gzip, deflate
      Connection:
      - keep-alive
      Content-Length:
      - '0'
      User-Agent:
      - azsdk-python-communication-identity/1.2.0 Python/3.10.5 (Windows-10-10.0.19044-SP0)
      x-ms-date:
      - Mon, 04 Jul 2022 20:49:23 GMT
      x-ms-return-client-request-id:
      - 'true'
    method: DELETE
    uri: https://sanitized.ppe.communication.azure.net/identities/8%3Aacs%3Adb75ed0c-e801-41a3-99a4-66a0a119a06c_00000012-6adb-2cd9-07fd-08482200b7fb?api-version=2021-10-31-preview
  response:
    body:
      string: ''
    headers:
      api-supported-versions:
      - 2020-07-20-preview2, 2021-02-22-preview1, 2021-03-07, 2021-10-31-preview,
        2021-11-01, 2022-06-01
      date:
      - Mon, 04 Jul 2022 20:49:21 GMT
      ms-cv:
      - +Ax7pkJuAUGZY4b9V6Xg2A.0
      request-context:
      - appId=
      strict-transport-security:
      - max-age=2592000
      x-cache:
      - CONFIG_NOCACHE
      x-processing-time:
      - 170ms
    status:
      code: 204
      message: No Content
- request:
    body: null
    headers:
      Accept:
      - application/json
      Accept-Encoding:
      - gzip, deflate
      Connection:
      - keep-alive
      Content-Length:
      - '0'
      User-Agent:
      - azsdk-python-communication-identity/1.2.0 Python/3.10.5 (Windows-10-10.0.19044-SP0)
      x-ms-date:
      - Mon, 04 Jul 2022 20:49:24 GMT
      x-ms-return-client-request-id:
      - 'true'
    method: DELETE
    uri: https://sanitized.ppe.communication.azure.net/identities/8%3Aacs%3Adb75ed0c-e801-41a3-99a4-66a0a119a06c_00000012-6adb-2d57-07fd-08482200b7fc?api-version=2021-10-31-preview
  response:
    body:
      string: ''
    headers:
      api-supported-versions:
      - 2020-07-20-preview2, 2021-02-22-preview1, 2021-03-07, 2021-10-31-preview,
        2021-11-01, 2022-06-01
      date:
      - Mon, 04 Jul 2022 20:49:22 GMT
      ms-cv:
      - Stx60XXtkUq2PUId17goQw.0
      request-context:
      - appId=
      strict-transport-security:
      - max-age=2592000
      x-cache:
      - CONFIG_NOCACHE
      x-processing-time:
      - 168ms
    status:
      code: 204
      message: No Content
- request:
    body: null
    headers:
      Accept:
      - application/json
      Accept-Encoding:
      - gzip, deflate
      Connection:
      - keep-alive
      Content-Length:
      - '0'
      User-Agent:
      - azsdk-python-communication-identity/1.2.0 Python/3.10.5 (Windows-10-10.0.19044-SP0)
      x-ms-date:
      - Mon, 04 Jul 2022 20:49:24 GMT
      x-ms-return-client-request-id:
      - 'true'
    method: DELETE
    uri: https://sanitized.ppe.communication.azure.net/identities/8%3Aacs%3Adb75ed0c-e801-41a3-99a4-66a0a119a06c_00000012-6adb-2dd4-07fd-08482200b7fd?api-version=2021-10-31-preview
  response:
    body:
      string: ''
    headers:
      api-supported-versions:
      - 2020-07-20-preview2, 2021-02-22-preview1, 2021-03-07, 2021-10-31-preview,
        2021-11-01, 2022-06-01
      date:
      - Mon, 04 Jul 2022 20:49:22 GMT
      ms-cv:
      - c8I4Fo026UeTWpLnd675FA.0
      request-context:
      - appId=
      strict-transport-security:
      - max-age=2592000
      x-cache:
      - CONFIG_NOCACHE
      x-processing-time:
      - 144ms
    status:
      code: 204
      message: No Content
version: 1
