interactions:
- request:
    body: '{}'
    headers:
      Accept:
      - application/json
      Accept-Encoding:
      - gzip, deflate
      Connection:
      - keep-alive
      Content-Length:
      - '2'
      Content-Type:
      - application/json
      User-Agent:
      - azsdk-python-communication-identity/1.2.0 Python/3.10.5 (Windows-10-10.0.19044-SP0)
      x-ms-date:
      - Mon, 04 Jul 2022 20:49:27 GMT
      x-ms-return-client-request-id:
      - 'true'
    method: POST
    uri: https://sanitized.ppe.communication.azure.net/identities?api-version=2021-10-31-preview
  response:
    body:
      string: '{"identity":{"id":"8:acs:db75ed0c-e801-41a3-99a4-66a0a119a06c_00000012-6adb-41aa-88f7-08482200c294"}}'
    headers:
      api-supported-versions:
      - 2020-07-20-preview2, 2021-02-22-preview1, 2021-03-07, 2021-10-31-preview,
        2021-11-01, 2022-06-01
      content-length:
      - '101'
      content-type:
      - application/json; charset=utf-8
      date:
      - Mon, 04 Jul 2022 20:49:24 GMT
      ms-cv:
      - deh1QYuUR0GPk7nWDrMbCg.0
      request-context:
      - appId=
      strict-transport-security:
      - max-age=2592000
      x-cache:
      - CONFIG_NOCACHE
      x-processing-time:
      - 32ms
    status:
      code: 201
      message: Created
- request:
    body: '{}'
    headers:
      Accept:
      - application/json
      Accept-Encoding:
      - gzip, deflate
      Connection:
      - keep-alive
      Content-Length:
      - '2'
      Content-Type:
      - application/json
      User-Agent:
      - azsdk-python-communication-identity/1.2.0 Python/3.10.5 (Windows-10-10.0.19044-SP0)
      x-ms-date:
      - Mon, 04 Jul 2022 20:49:27 GMT
      x-ms-return-client-request-id:
      - 'true'
    method: POST
    uri: https://sanitized.ppe.communication.azure.net/identities?api-version=2021-10-31-preview
  response:
    body:
      string: '{"identity":{"id":"8:acs:db75ed0c-e801-41a3-99a4-66a0a119a06c_00000012-6adb-4229-88f7-08482200c295"}}'
    headers:
      api-supported-versions:
      - 2020-07-20-preview2, 2021-02-22-preview1, 2021-03-07, 2021-10-31-preview,
        2021-11-01, 2022-06-01
      content-length:
      - '101'
      content-type:
      - application/json; charset=utf-8
      date:
      - Mon, 04 Jul 2022 20:49:24 GMT
      ms-cv:
      - qDHVZk3T8UWJ8Kl8xLx0VA.0
      request-context:
      - appId=
      strict-transport-security:
      - max-age=2592000
      x-cache:
      - CONFIG_NOCACHE
      x-processing-time:
      - 31ms
    status:
      code: 201
      message: Created
- request:
    body: '{}'
    headers:
      Accept:
      - application/json
      Accept-Encoding:
      - gzip, deflate
      Connection:
      - keep-alive
      Content-Length:
      - '2'
      Content-Type:
      - application/json
      User-Agent:
      - azsdk-python-communication-identity/1.2.0 Python/3.10.5 (Windows-10-10.0.19044-SP0)
      x-ms-date:
      - Mon, 04 Jul 2022 20:49:27 GMT
      x-ms-return-client-request-id:
      - 'true'
    method: POST
    uri: https://sanitized.ppe.communication.azure.net/identities?api-version=2021-10-31-preview
  response:
    body:
      string: '{"identity":{"id":"8:acs:db75ed0c-e801-41a3-99a4-66a0a119a06c_00000012-6adb-42a5-88f7-08482200c296"}}'
    headers:
      api-supported-versions:
      - 2020-07-20-preview2, 2021-02-22-preview1, 2021-03-07, 2021-10-31-preview,
        2021-11-01, 2022-06-01
      content-length:
      - '101'
      content-type:
      - application/json; charset=utf-8
      date:
      - Mon, 04 Jul 2022 20:49:24 GMT
      ms-cv:
      - YG6bw4v6DkO0Pz2Rk9SMXw.0
      request-context:
      - appId=
      strict-transport-security:
      - max-age=2592000
      x-cache:
      - CONFIG_NOCACHE
      x-processing-time:
      - 29ms
    status:
      code: 201
      message: Created
- request:
    body: '{}'
    headers:
      Accept:
      - application/json
      Content-Length:
      - '2'
      Content-Type:
      - application/json
      Repeatability-First-Sent:
      - '2022-07-04T20:49:27.797388Z'
      Repeatability-Request-ID:
      - cb8b1181-fbda-11ec-b644-a864f132484d
      User-Agent:
      - azsdk-python-communication-rooms/1.1.0 Python/3.10.5 (Windows-10-10.0.19044-SP0)
      x-ms-date:
      - Mon, 04 Jul 2022 20:49:27 GMT
      x-ms-return-client-request-id:
      - 'true'
    method: POST
    uri: https://sanitized.ppe.communication.azure.net/rooms?api-version=2022-02-01
  response:
    body:
      string: '{"id":"99499198624509926","createdDateTime":"2022-07-04T20:49:26.1341684+00:00","validFrom":"2022-07-04T20:49:26.0575969+00:00","validUntil":"2022-12-31T20:49:26.0575969+00:00","roomJoinPolicy":"InviteOnly","participants":[]}'
    headers:
      api-supported-versions: 2021-04-07, 2022-02-01
      content-type: application/json; charset=utf-8
      date: Mon, 04 Jul 2022 20:49:25 GMT
      ms-cv: AOlN/Z0rvkiFt+ZPkou+Ng.0
      repeatability-result: accepted
      transfer-encoding: chunked
      x-cache: CONFIG_NOCACHE
    status:
      code: 201
      message: Created
    url: https://sanitized.ppe.communication.azure.net/rooms?api-version=2022-02-01
- request:
    body: '{"participants": [{"communicationIdentifier": {"communicationUser": {"id":
      "chris"}}, "role": "kafka"}, {"communicationIdentifier": {"communicationUser":
      {"id": "8:acs:db75ed0c-e801-41a3-99a4-66a0a119a06c_00000012-6adb-41aa-88f7-08482200c294"}},
      "role": "Presenter"}]}'
    headers:
      Accept:
      - application/json
      Content-Length:
      - '268'
      Content-Type:
      - application/json
      User-Agent:
      - azsdk-python-communication-rooms/1.1.0 Python/3.10.5 (Windows-10-10.0.19044-SP0)
      x-ms-date:
      - Mon, 04 Jul 2022 20:49:28 GMT
      x-ms-return-client-request-id:
      - 'true'
    method: POST
    uri: https://sanitized.ppe.communication.azure.net/rooms/99499198624509926/participants:add?api-version=2022-02-01
  response:
    body:
      string: '{"type":"https://tools.ietf.org/html/rfc7231#section-6.5.1","title":"One
        or more validation errors occurred.","status":400,"traceId":"00-0159d4d2d93ffe2bce25c3e69c4724e5-9f08d934977bcd2f-00","errors":{"addParticipantsRequestDto":["The
        addParticipantsRequestDto field is required."],"$.participants[0].role":["The
        JSON value could not be converted to Microsoft.AzureCommunicationService.Rooms.Api.Contracts.V2022_02_01.RoleTypeDto.
        Path: $.participants[0].role | LineNumber: 0 | BytePositionInLine: 101."]}}'
    headers:
      content-type: application/problem+json; charset=utf-8
      date: Mon, 04 Jul 2022 20:49:26 GMT
      ms-cv: DIuRyzgj2EWDciKf/7bqQg.0
      transfer-encoding: chunked
      x-cache: CONFIG_NOCACHE
    status:
      code: 400
      message: Bad Request
    url: https://sanitized.ppe.communication.azure.net/rooms/99499198624509926/participants:add?api-version=2022-02-01
- request:
    body: null
    headers:
      Accept:
      - application/json
      Accept-Encoding:
      - gzip, deflate
      Connection:
      - keep-alive
      Content-Length:
      - '0'
      User-Agent:
      - azsdk-python-communication-identity/1.2.0 Python/3.10.5 (Windows-10-10.0.19044-SP0)
      x-ms-date:
      - Mon, 04 Jul 2022 20:49:28 GMT
      x-ms-return-client-request-id:
      - 'true'
    method: DELETE
    uri: https://sanitized.ppe.communication.azure.net/identities/8%3Aacs%3Adb75ed0c-e801-41a3-99a4-66a0a119a06c_00000012-6adb-41aa-88f7-08482200c294?api-version=2021-10-31-preview
  response:
    body:
      string: ''
    headers:
      api-supported-versions:
      - 2020-07-20-preview2, 2021-02-22-preview1, 2021-03-07, 2021-10-31-preview,
        2021-11-01, 2022-06-01
      date:
      - Mon, 04 Jul 2022 20:49:25 GMT
      ms-cv:
      - sVHZeeG4wEaRHybYEVIbmA.0
      request-context:
      - appId=
      strict-transport-security:
      - max-age=2592000
      x-cache:
      - CONFIG_NOCACHE
      x-processing-time:
      - 91ms
    status:
      code: 204
      message: No Content
- request:
    body: null
    headers:
      Accept:
      - application/json
      Accept-Encoding:
      - gzip, deflate
      Connection:
      - keep-alive
      Content-Length:
      - '0'
      User-Agent:
      - azsdk-python-communication-identity/1.2.0 Python/3.10.5 (Windows-10-10.0.19044-SP0)
      x-ms-date:
      - Mon, 04 Jul 2022 20:49:28 GMT
      x-ms-return-client-request-id:
      - 'true'
    method: DELETE
    uri: https://sanitized.ppe.communication.azure.net/identities/8%3Aacs%3Adb75ed0c-e801-41a3-99a4-66a0a119a06c_00000012-6adb-4229-88f7-08482200c295?api-version=2021-10-31-preview
  response:
    body:
      string: ''
    headers:
      api-supported-versions:
      - 2020-07-20-preview2, 2021-02-22-preview1, 2021-03-07, 2021-10-31-preview,
        2021-11-01, 2022-06-01
      date:
      - Mon, 04 Jul 2022 20:49:25 GMT
      ms-cv:
      - 4SVYPPJKCUqszaGOMSnm5Q.0
      request-context:
      - appId=
      strict-transport-security:
      - max-age=2592000
      x-cache:
      - CONFIG_NOCACHE
      x-processing-time:
      - 97ms
    status:
      code: 204
      message: No Content
- request:
    body: null
    headers:
      Accept:
      - application/json
      Accept-Encoding:
      - gzip, deflate
      Connection:
      - keep-alive
      Content-Length:
      - '0'
      User-Agent:
      - azsdk-python-communication-identity/1.2.0 Python/3.10.5 (Windows-10-10.0.19044-SP0)
      x-ms-date:
      - Mon, 04 Jul 2022 20:49:28 GMT
      x-ms-return-client-request-id:
      - 'true'
    method: DELETE
    uri: https://sanitized.ppe.communication.azure.net/identities/8%3Aacs%3Adb75ed0c-e801-41a3-99a4-66a0a119a06c_00000012-6adb-42a5-88f7-08482200c296?api-version=2021-10-31-preview
  response:
    body:
      string: ''
    headers:
      api-supported-versions:
      - 2020-07-20-preview2, 2021-02-22-preview1, 2021-03-07, 2021-10-31-preview,
        2021-11-01, 2022-06-01
      date:
      - Mon, 04 Jul 2022 20:49:26 GMT
      ms-cv:
      - nkfi98EIZUWB9cfkoXBWvQ.0
      request-context:
      - appId=
      strict-transport-security:
      - max-age=2592000
      x-cache:
      - CONFIG_NOCACHE
      x-processing-time:
      - 154ms
    status:
      code: 204
      message: No Content
version: 1
